21:54:12 **** Incremental Build of configuration Debug for project eth_low_level ****
make -j12 all 
arm-none-eabi-gcc "../Core/Src/main.c" -mcpu=cortex-m7 -std=gnu11 -g3 -DUSE_HAL_DRIVER -DSTM32F767xx -c -I"E:/Tech/ETHERNET__LOW_LEVEL/Firmware/eth_low_level/Middlewares/Third_Party/LwIP/src/apps" -I"E:/Tech/ETHERNET__LOW_LEVEL/Firmware/eth_low_level/Middlewares/Third_Party/LwIP/src/include/lwip/apps" -I"E:/Tech/ETHERNET__LOW_LEVEL/Firmware/eth_low_level/Middlewares/Third_Party/LwIP/src/include/lwip" -I"E:/Tech/ETHERNET__LOW_LEVEL/Firmware/eth_low_level/Middlewares/Third_Party/LwIP/system/arch" -I"E:/Tech/ETHERNET__LOW_LEVEL/Firmware/eth_low_level/Middlewares/Third_Party/LwIP/src/include/netif" -I"E:/Tech/ETHERNET__LOW_LEVEL/Firmware/eth_low_level/Middlewares/Third_Party/LwIP/src/include/lwip/prot" -I"E:/Tech/ETHERNET__LOW_LEVEL/Firmware/eth_low_level/Middlewares/Third_Party/LwIP/src/include/lwip/priv" -I"E:/Tech/ETHERNET__LOW_LEVEL/Firmware/eth_low_level/Middlewares/Third_Party/LwIP/src/apps/http" -I"E:/Tech/ETHERNET__LOW_LEVEL/Firmware/eth_low_level/Core/Inc" -I"E:/Tech/ETHERNET__LOW_LEVEL/Firmware/eth_low_level/Drivers/CMSIS/Include" -I"E:/Tech/ETHERNET__LOW_LEVEL/Firmware/eth_low_level/Drivers/CMSIS/Device/ST/STM32F7xx/Include" -I"E:/Tech/ETHERNET__LOW_LEVEL/Firmware/eth_low_level/Drivers/STM32F7xx_HAL_Driver/Inc" -I"E:/Tech/ETHERNET__LOW_LEVEL/Firmware/eth_low_level/Drivers/STM32F7xx_HAL_Driver/Inc/Legacy" -I"E:/Tech/ETHERNET__LOW_LEVEL/Firmware/eth_low_level/LWIP/App" -I"E:/Tech/ETHERNET__LOW_LEVEL/Firmware/eth_low_level/LWIP/Target" -I"E:/Tech/ETHERNET__LOW_LEVEL/Firmware/eth_low_level/Middlewares/Third_Party/LwIP/src/include" -I"E:/Tech/ETHERNET__LOW_LEVEL/Firmware/eth_low_level/Middlewares/Third_Party/LwIP/system" -O0 -ffunction-sections -fdata-sections -Wall -fstack-usage -fcyclomatic-complexity -MMD -MP -MF"Core/Src/main.d" -MT"Core/Src/main.o" --specs=nano.specs -mfpu=fpv5-d16 -mfloat-abi=hard -mthumb -o "Core/Src/main.o"
arm-none-eabi-gcc -o "eth_low_level.elf" @"objects.list"   -mcpu=cortex-m7 -T"E:\Tech\ETHERNET__LOW_LEVEL\Firmware\eth_low_level\STM32F767ZITX_FLASH.ld" --specs=nosys.specs -Wl,-Map="eth_low_level.map" -Wl,--gc-sections -static --specs=nano.specs -mfpu=fpv5-d16 -mfloat-abi=hard -mthumb -Wl,--start-group -lc -lm -Wl,--end-group
C:/ST/STM32CubeIDE_1.19.0/STM32CubeIDE/plugins/com.st.stm32cube.ide.mcu.externaltools.gnu-tools-for-stm32.13.3.rel1.win32_1.0.0.202411081344/tools/bin/../lib/gcc/arm-none-eabi/13.3.1/../../../../arm-none-eabi/bin/ld.exe: warning: eth_low_level.elf has a LOAD segment with RWX permissions
Finished building target: eth_low_level.elf
 
arm-none-eabi-size  eth_low_level.elf 
arm-none-eabi-objdump -h -S eth_low_level.elf  > "eth_low_level.list"
   text	   data	    bss	    dec	    hex	filename
  75240	    120	  32104	 107464	  1a3c8	eth_low_level.elf
Finished building: default.size.stdout
 
Finished building: eth_low_level.list
 

21:54:15 Build Finished. 0 errors, 1 warnings. (took 3s.629ms)

